
Memory Configuration

Name             Origin             Length             Attributes
flash            0x00000000         0x20000000         xr
sram             0x20000000         0x20000000         xrw
*default*        0x00000000         0xffffffff

Linker script and memory map


.text           0x00000000      0x19c
 *(.vectors*)
 .vectors       0x00000000       0x1c CortexM4_startup.o
                0x00000000                g_p_fn_vectors
 *(.text*)
 .text          0x0000001c       0xbc CortexM4_startup.o
                0x0000001c                NMI_Handler
                0x0000001c                H_Fault_Handler
                0x0000001c                Default_Hundler
                0x0000001c                MM_Fault_Handler
                0x0000001c                Bus_Fault
                0x0000001c                Usage_Fault_Handler
                0x00000028                Reset_Hundler
 .text          0x000000d8       0xc4 main.o
                0x000000d8                main
 *(.rodata*)
                0x0000019c                _E_TEXT = .

.glue_7         0x0000019c        0x0
 .glue_7        0x00000000        0x0 linker stubs

.glue_7t        0x0000019c        0x0
 .glue_7t       0x00000000        0x0 linker stubs

.vfp11_veneer   0x0000019c        0x0
 .vfp11_veneer  0x00000000        0x0 linker stubs

.v4_bx          0x0000019c        0x0
 .v4_bx         0x00000000        0x0 linker stubs

.iplt           0x0000019c        0x0
 .iplt          0x00000000        0x0 CortexM4_startup.o

.rel.dyn        0x0000019c        0x0
 .rel.iplt      0x00000000        0x0 CortexM4_startup.o

.data           0x20000000        0x0 load address 0x0000019c
                0x20000000                _S_DATA = .
 *(.data*)
 .data          0x20000000        0x0 CortexM4_startup.o
 .data          0x20000000        0x0 main.o
                0x20000000                . = ALIGN (0x4)
                0x20000000                _E_DATA = .

.igot.plt       0x20000000        0x0 load address 0x0000019c
 .igot.plt      0x00000000        0x0 CortexM4_startup.o

.bss            0x20000000      0x400 load address 0x0000019c
                0x20000000                _S_BSS = .
 *(.bss*)
 .bss           0x20000000      0x400 CortexM4_startup.o
 .bss           0x20000400        0x0 main.o
                0x20000400                . = ALIGN (0x4)
                0x20000400                _E_BSS = .
LOAD CortexM4_startup.o
LOAD main.o
OUTPUT(un3_lab4_cortexM4.elf elf32-littlearm)

.debug_info     0x00000000      0x27d
 .debug_info    0x00000000      0x1cb CortexM4_startup.o
 .debug_info    0x000001cb       0xb2 main.o

.debug_abbrev   0x00000000      0x143
 .debug_abbrev  0x00000000       0xe9 CortexM4_startup.o
 .debug_abbrev  0x000000e9       0x5a main.o

.debug_loc      0x00000000       0x9c
 .debug_loc     0x00000000       0x64 CortexM4_startup.o
 .debug_loc     0x00000064       0x38 main.o

.debug_aranges  0x00000000       0x40
 .debug_aranges
                0x00000000       0x20 CortexM4_startup.o
 .debug_aranges
                0x00000020       0x20 main.o

.debug_line     0x00000000       0xe9
 .debug_line    0x00000000       0x86 CortexM4_startup.o
 .debug_line    0x00000086       0x63 main.o

.debug_str      0x00000000      0x149
 .debug_str     0x00000000      0x131 CortexM4_startup.o
                                0x14f (size before relaxing)
 .debug_str     0x00000131       0x18 main.o
                                 0xd0 (size before relaxing)

.comment        0x00000000       0x11
 .comment       0x00000000       0x11 CortexM4_startup.o
                                 0x12 (size before relaxing)
 .comment       0x00000000       0x12 main.o

.ARM.attributes
                0x00000000       0x33
 .ARM.attributes
                0x00000000       0x33 CortexM4_startup.o
 .ARM.attributes
                0x00000033       0x33 main.o

.debug_frame    0x00000000       0x78
 .debug_frame   0x00000000       0x4c CortexM4_startup.o
 .debug_frame   0x0000004c       0x2c main.o
